================================
 Total Number of Record in:
 Filename: 'tran_fix_len2.txt'    
================================
24
================================
  
  
  
================================
Checking missing ACCT value 
--------------------------------
Total Num of ACCT value:
24
--------------------------------
Total Missing ACCT value:
0
================================
  
  
  
================================
Checking missing MCC value 
--------------------------------
Total Num of MCC value:
24
--------------------------------
Total Missing MCC value:
0
================================
  
  
  
================================
Number of Unique ACCT:
3
================================
  
  
  
================================
Number of Unique Card Type:
2
================================
  
  
  
=================================
The Month of Listed Transactions:
---------------------------------
04
---------------------------------
The Year of Listed Transactions:
---------------------------------
2011
=================================
  
  
  
=====================
    End of Report    
=====================